- Lot
- OCZY SMOKA
- Straznicy marzen
- Miami Vice
- Mama
- The Baytown Outlaws
- Bez hamulców
- Zjawy
- Zemsta Po Śmierci
- SKYFALL
- Nędznicy
- Dziewczyna z Sushi
- Savages - Poza Bezprawiem
- Ralph Demolka
- 6 kul - Six Bullets
- Step Up 3D
- Akademia Wojskowa
- 11-11-11
- Cichy dom
- The Tall Man
- Bucky Larson. Urodzony gwiazdor
- Żona na niby
- Nawiedzona narzeczona
- Love guru
- Młody Einstein
- Łatwa Dziewczyna
- Poznaj moich spartan
- Stare Wygi
- Święto piwa