---
- "<html><head><metahttp-equiv=\"content-type\"content=\"text/html;charset=us-ascii\"></head><body>mockedpagecontent</body></html>"